gmane.comp.encryption.general 33638 1 33697
   12588 Sat, 01 Nov 2008 02:10:00 +0800 | "Satoshi Nakamoto" <satoshi@vistomail.com> | Bitcoin P2P e-cash paper
   12595 Mon, 03 Nov 2008 09:37:43 +0800 | "Satoshi Nakamoto" <satoshi@vistomail.com> | Re: Bitcoin P2P e-cash paper
   12598 Tue, 04 Nov 2008 00:23:49 +0800 | "Satoshi Nakamoto" <satoshi@vistomail.com> | Re: Bitcoin P2P e-cash paper
   12603 Fri, 07 Nov 2008 04:15:40 +0800 | "Satoshi Nakamoto" <satoshi@vistomail.com> | Re: Bitcoin P2P e-cash paper
   12611 Sun, 09 Nov 2008 02:54:38 +0800 | "Satoshi Nakamoto" <satoshi@vistomail.com> | Re: Bitcoin P2P e-cash paper
   12612 Sun, 09 Nov 2008 09:58:48 +0800 | "Satoshi Nakamoto" <satoshi@vistomail.com> | Re: Bitcoin P2P e-cash paper
   12613 Sun, 09 Nov 2008 11:09:49 +0800 | "Satoshi Nakamoto" <satoshi@vistomail.com> | Re: Bitcoin P2P e-cash paper
   12618 Mon, 10 Nov 2008 00:31:26 +0800 | "Satoshi Nakamoto" <satoshi@vistomail.com> | Re: Bitcoin P2P e-cash paper
   12622 Mon, 10 Nov 2008 10:14:30 +0800 | "Satoshi Nakamoto" <satoshi@vistomail.com> | Re: Bitcoin P2P e-cash paper
   12623 Tue, 11 Nov 2008 06:18:20 +0800 | "Satoshi Nakamoto" <satoshi@vistomail.com> | Re: Bitcoin P2P e-cash paper
   12629 Fri, 14 Nov 2008 06:56:55 +0800 | "Satoshi Nakamoto" <satoshi@vistomail.com> | Re: Bitcoin P2P e-cash paper
   12633 Sat, 15 Nov 2008 02:55:35 +0800 | "Satoshi Nakamoto" <satoshi@vistomail.com> | Re: Bitcoin P2P e-cash paper
   12637 Sat, 15 Nov 2008 12:43:00 +0800 | "Satoshi Nakamoto" <satoshi@vistomail.com> | Re: Bitcoin P2P e-cash paper
   12640 Sun, 16 Nov 2008 02:02:00 +0800 | "Satoshi Nakamoto" <satoshi@vistomail.com> | Re: Bitcoin P2P e-cash paper
   12643 Tue, 18 Nov 2008 01:24:43 +0800 | "Satoshi Nakamoto" <satoshi@vistomail.com> | Re: Bitcoin P2P e-cash paper
   12776 Fri, 09 Jan 2009 03:27:40 +0800 | "Satoshi Nakamoto" <satoshi@vistomail.com> | Bitcoin v0.1 released
   12795 Sat, 17 Jan 2009 00:03:14 +0800 | "Satoshi Nakamoto" <satoshi@vistomail.com> | Re: Bitcoin v0.1 released
   12822 Sun, 25 Jan 2009 23:47:10 +0800 | "Satoshi Nakamoto" <satoshi@vistomail.com> | Re: Bitcoin v0.1 released
   25063 Mon, 09 Nov 2015 07:18:50 -0500 | Satoshi Nakamoto <satoshi@vistomail.com> | Bitcoin blocksize limit can be removed
   33697 Sat, 19 Apr 2025 00:22:12 +0000 | Satoshi Nakamoto <_satoshi-KK0ffGbhmjU@public.gmane.org> | =?UTF-8?Q?Re=3A=C2=A0My_Identity?=
gmane.comp.peer-to-peer.p2p-foundation 1106 1 1108
gmane.comp.security.cypherpunks 73843 1 75866
   37184 Sun, 05 Jun 2022 06:25:40 +0000 | Satoshinupdate <Satoshinupdate-6EK1v4hiKcSzQB+pC5nmwQ@public.gmane.org> | One of the projects I have been working on.
   67625 Thu, 12 Dec 2024 16:54:09 -0000 | "Satoshi Nakamoto" <_satoshi-KK0ffGbhmjU@public.gmane.org> | Hash Quantum(Hash Q) for Bitcoin.
   67631 Thu, 12 Dec 2024 16:51:44 -0000 | "Satoshi Nakamoto" <_satoshi-KK0ffGbhmjU@public.gmane.org> | Bitcoin
   67636 Thu, 12 Dec 2024 16:53:49 -0000 | "Satoshi Nakamoto" <_satoshi-KK0ffGbhmjU@public.gmane.org> | Hash Quantum(Hash Q) for Bitcoin.
   67639 Thu, 12 Dec 2024 16:49:56 -0000 | "Satoshi Nakamoto" <_satoshi-KK0ffGbhmjU@public.gmane.org> | Re: Donald Trump to Ring Bell at New York Stock Exchange Today as Hit List Posters Appear in Manhattan Targeting Wall Street CEOs
   67645 Thu, 12 Dec 2024 16:48:27 -0000 | "Satoshi Nakamoto" <_satoshi-KK0ffGbhmjU@public.gmane.org> | Re: Donald Trump to Ring Bell at New York Stock Exchange Today as Hit List Posters Appear in Manhattan Targeting Wall Street CEOs
   67668 Thu, 12 Dec 2024 16:53:57 -0000 | "Satoshi Nakamoto" <_satoshi-KK0ffGbhmjU@public.gmane.org> | Hash Quantum(Hash Q) for Bitcoin.
   67673 Thu, 12 Dec 2024 16:53:30 -0000 | "Satoshi Nakamoto" <_satoshi-KK0ffGbhmjU@public.gmane.org> | Hash Quantum(Hash Q) for Bitcoin.
   67746 Sat, 14 Dec 2024 17:10:05 -0000 | "Satoshi Nakamoto" <_satoshi-KK0ffGbhmjU@public.gmane.org> | Re: Hash Quantum(Hash Q) for Bitcoin.
   67747 Sat, 14 Dec 2024 17:26:32 -0000 | "Satoshi Nakamoto" <_satoshi-KK0ffGbhmjU@public.gmane.org> | ** My Motivation **
   72401 Wed, 16 Apr 2025 03:31:28 -0000 | "Satoshi Nakamoto" <_satoshi-KK0ffGbhmjU@public.gmane.org> | Re: How the NSA identified Satoshi Nakamoto
   72402 Wed, 16 Apr 2025 03:36:04 +0000 | Satoshi Nakamoto <_satoshi-KK0ffGbhmjU@public.gmane.org> | My Identity
   72670 Sat, 19 Apr 2025 00:22:12 +0000 | Satoshi Nakamoto <_satoshi-KK0ffGbhmjU@public.gmane.org> | =?UTF-8?Q?Re=3A=C2=A0My_Identity?=
   74130 Mon, 23 Jun 2025 18:14:32 -0000 | satoshi-GjLaQt3Y0hbnSPmRt5Z81g@public.gmane.org | The countdown starts
   74131 Tue, 24 Jun 2025 14:38:49 -0000 | "Satoshi " <satoshi-GjLaQt3Y0hbnSPmRt5Z81g@public.gmane.org> | The countdown starts
   74132 Wed, 25 Jun 2025 04:08:47 -0000 | "Satoshi " <satoshi-GjLaQt3Y0hbnSPmRt5Z81g@public.gmane.org> | The countdown starts
gmane.comp.bitcoin.user 80 1 80
gmane.comp.bitcoin.devel 16960 1 16962
   9653 Sat, 15 Aug 2015 12:43:54 -0500 | Satoshi Nakamoto via bitcoin-dev <bitcoin-dev@lists.linuxfoundation.org> | Bitcoin XT Fork
   11352 Thu, 10 Dec 2015 06:57:31 +0000 (UTC) | Satoshi Nakamoto via bitcoin-dev <bitcoin-dev@lists.linuxfoundation.org> | Not this again.
   16030 Tue, 22 Jan 2019 09:58:25 -0500 | Satoshin via bitcoin-dev <bitcoin-dev@lists.linuxfoundation.org> | Re: Proof-of-Stake Bitcoin Sidechains
   16232 Sun, 31 Mar 2019 23:07:41 -0400 | Satoshin via bitcoin-dev <bitcoin-dev@lists.linuxfoundation.org> | Re: Softfork proposal for minimum price of $50k USD/BTC
